const __mtl_curry = f => (...args) => {
  if (args.length >= f.length) {
    return f(...args);
  }

  return __mtl_curry(f.bind(null, ...args));
};

const add = __mtl_curry((a, b) => {
  return (a + b);
});

const array = [2, 4, 8];

console.log(String(array.map(add(2))));
