const fib = ((n) => {
  return (() => {
    if ((n <= 1)) {
      return n;
    } else {
      return (fib((n - 2)) + fib((n - 1)));
    }
  })();
});

console.log(String(fib(13)));
